{
    "post": {
        "id_reserva": "4",
        "sala": "4",
        "fecha": "2024-08-30",
        "hora_inicio": "10:00",
        "hora_fin": "12:15",
        "insumo": "te",
        "observacion_editar": "necesito te",
        "limpieza": "0",
        "centro": "secundaria"
    },
    "data": {
        "id_reserva": "4",
        "fecha": "2024-08-30",
        "hora_inicio": "10:00",
        "hora_fin": "12:15",
        "insumo": "te",
        "sala": "4",
        "observacion": "necesito te",
        "limpieza": "0"
    }
}